<html>
<body>
<pre>
<h1>µVision Build Log</h1>
<h2>Tool Versions:</h2>
IDE-Version: µVision V5.21.1.0
Copyright (C) 2016 ARM Ltd and ARM Germany GmbH. All rights reserved.
License Information: Bogdan Stoicescu, University of Southmapton, LIC=----
 
Tool Versions:
Toolchain:       MDK-Lite  Version: 5.21a
Toolchain Path:  C:\Keil_v5\ARM\ARMCC\Bin
C Compiler:      Armcc.exe V5.06 update 3 (build 300)
Assembler:       Armasm.exe V5.06 update 3 (build 300)
Linker/Locator:  ArmLink.exe V5.06 update 3 (build 300)
Library Manager: ArmAr.exe V5.06 update 3 (build 300)
Hex Converter:   FromElf.exe V5.06 update 3 (build 300)
CPU DLL:         SARMCM3.DLL V5.21a
Dialog DLL:      DARMCM1.DLL V1.14.0.0
Target DLL:      PEMicro\Pemicro_ArmCortexInterface.dll V1.11
Dialog DLL:      TARMCM1.DLL V1.10.0.0
 
<h2>Project:</h2>
C:\Users\Bogdan-MBP-W\OneDrive\COMP3215\Lab1\SDK_2.0_FRDM-KL46Z\boards\frdmkl46z\rtos_examples\freertos_hello\mdk\freertos_hello.uvprojx
Project File Date:  10/17/2016

<h2>Output:</h2>
*** Using Compiler 'V5.06 update 3 (build 300)', folder: 'C:\Keil_v5\ARM\ARMCC\Bin'
Rebuild Project 'freertos_hello' - Target 'freertos_hello Debug'
assembling startup_MKL46Z4.s...
compiling port.c...
compiling system_MKL46Z4.c...
compiling fsl_lpsci.c...
compiling fsl_uart.c...
compiling fsl_clock.c...
compiling fsl_common.c...
compiling fsl_gpio.c...
compiling fsl_smc.c...
compiling fsl_i2c.c...
compiling freertos_hello.c...
compiling pin_mux.c...
compiling clock_config.c...
compiling board.c...
compiling croutine.c...
compiling heap_4.c...
compiling fsl_debug_console.c...
compiling list.c...
compiling queue.c...
compiling timers.c...
compiling event_groups.c...
compiling tasks.c...
linking...
Program Size: Code=17268 RO-data=592 RW-data=152 ZI-data=12660  
"debug\freertos_hello.out" - 0 Error(s), 0 Warning(s).

<h2>Collection of Component include folders:</h2>
  C:\Users\Bogdan-MBP-W\OneDrive\COMP3215\Lab1\SDK_2.0_FRDM-KL46Z\boards\frdmkl46z\rtos_examples\freertos_hello\mdk\RTE
  C:\Keil_v5\ARM\PACK\Keil\Kinetis_KLxx_DFP\1.12.0\Device\Include

<h2>Collection of Component Files used:</h2>
Build Time Elapsed:  00:00:06
</pre>
</body>
</html>
